// Jest Snapshot v1, https://goo.gl/fbAQLP

exports[`npm script resource e2e script resource test: NPMScript create 1`] = `
Object {
  "_message": "Wrote script apple to your package.json",
  "command": "foot",
  "id": "apple",
  "name": "apple",
}
`;

exports[`npm script resource e2e script resource test: NPMScript create plan 1`] = `
Object {
  "currentState": "",
  "describe": "Add new command to your package.json",
  "diff": "- Original  - 1
+ Modified  + 3

  Object {
    \\"name\\": \\"test\\",
-   \\"scripts\\": Object {},
+   \\"scripts\\": Object {
+     \\"apple\\": \\"foot\\",
+   },
  }",
  "newState": "\\"apple\\": \\"foot\\"",
}
`;
